// 同步 ID: 6551a0af @ Tue Jul 21 14:29:34 UTC 2026
// 同步 ID: 4afc8dae @ Tue Jul 21 17:52:32 UTC 2026
// 重构日志: 6ea59a1b
// 重构日志: f86aece7
// 同步 ID: 01b51876 @ Wed Jul 22 11:08:10 UTC 2026
// 同步 ID: 63444b35 @ Wed Jul 22 13:57:46 UTC 2026
// 重构日志: 27c53618
// 同步 ID: 440ede89 @ Fri Jul 24 12:12:29 UTC 2026
// 同步 ID: 700198d8 @ Fri Jul 24 15:47:36 UTC 2026
// 同步 ID: 57ac20cc @ Fri Jul 24 17:28:16 UTC 2026
// 重构日志: 932f3b95
// 同步 ID: d6812bd3 @ Sat Jul 25 11:00:52 UTC 2026
// 同步 ID: 39221219 @ Sat Jul 25 21:31:05 UTC 2026
// 重构日志: 7e3b4d93
// 同步 ID: d9726066 @ Sun Jul 26 17:40:53 UTC 2026
// 同步 ID: a774be8d @ Sun Jul 26 18:25:19 UTC 2026
// 同步 ID: ea3a946e @ Sun Jul 26 22:51:12 UTC 2026
// 重构日志: 57654f0f
// 同步 ID: e4a74e9d @ Mon Jul 27 14:26:30 UTC 2026
// 重构日志: faae4d91
// 重构日志: 6173ecdf
// 同步 ID: b120e5b3 @ Thu Jul 30 09:19:26 UTC 2026
// 同步 ID: 59b0b553 @ Thu Jul 30 16:21:12 UTC 2026
// 同步 ID: f7325f9f @ Fri Jul 31 06:55:04 UTC 2026
// 重构日志: f57ea5c0
// 同步 ID: b78a7b86 @ Sat Aug  1 15:06:29 UTC 2026
// 同步 ID: 55c607cb @ Sun Aug  2 03:36:01 UTC 2026
// 重构日志: 28c7153b
// 重构日志: c313d429
// 同步 ID: 1f4f8bf1 @ Mon Aug  3 11:36:01 UTC 2026
// 重构日志: 3dc79e6c
// 重构日志: 92ee3552
// 重构日志: d5be9edd
// 重构日志: a0640448
// 重构日志: 0b53cc9f
// 重构日志: dda24f58
// 重构日志: 264a1a5e
